69.119995
69.119995
-44.439999
700.665222
0.217330
1 1 0 0 0 1
0 1 1 1 0 0
0 0 0 1 1 1
69.119995
-44.439999
700.665222
0.217330
12.340000
-12.340000
-12.340000
